00:01:00:000:0 out_port1 [1, 0.2]
00:02:00:000:0 out_port2 [1, 0.2]
00:03:00:000:0 out_port3 [1, 0.2]
00:04:00:000:0 out_port4 [1, 0.2]
00:05:00:000:0 out_port5 [1, 0.2]
00:06:00:000:0 info_out1      1.00000
