00:00:01:000:0 out_port1 [0.5, 0.2]
00:00:10:000:0 info_out1      0.47681
