00:00:02:000:0 info_out1      1.00000
00:00:04:000:0 info_out1      1.00000
00:00:06:000:0 info_out1      1.00000
00:00:08:000:0 info_out1      1.00000
00:00:10:000:0 info_out1      0.71016
00:00:12:000:0 info_out1      0.71016
00:00:14:000:0 info_out1      0.13926
00:00:16:000:0 info_out1     -0.43940
00:00:18:000:0 info_out1     -0.49999
00:00:20:000:0 info_out1     -0.50000
00:00:22:000:0 info_out1     -0.50000
00:00:24:000:0 info_out1     -0.50000
