00:01:00:000:0 out_port1 [1, 0.2]
00:02:00:000:0 info_out1      1.00000
